// Jest Snapshot v1, https://goo.gl/fbAQLP

exports[`Pruebas en el HookApp Hacer el primer snapshot 1`] = `
<Fragment>
  <h1>
    Hola mundo
  </h1>
</Fragment>
`;
